[1;38;2;244;244;245mGovernance Parameters[m
[38;2;113;113;122mj/k: select module, h/l: scroll params[m

  Auth                test governance params content                                                                    
  Bank                                                                                                                  
  Deployment                                                                                                            
  Market                                                                                                                
  Transfer                                                                                                              
  IBC                                                                                                                   
[1;38;2;228;228;231m  Crisis            [m                                                                                                    
                                                                                                                        
[38;2;113;113;122m  12/12[m                                                                                                                 
                                                                                                                        
                                                                                                                        
                                                                                                                        
                                                                                                                        
                                                                                                                        
                                                                                                                        
                                                                                                                        
                                                                                                                        
                                                                                                                        
                                                                                                                        
                                                                                                                        