[1;38;5;168mGovernance Parameters[m
                     
[38;5;238m─────────────────────[m
                     
[38;5;245mj/k: select module, h/l: scroll params[m

  Auth                test governance params content                                                                    
  Bank                                                                                                                  
  Deployment                                                                                                            
  Market                                                                                                                
  Transfer                                                                                                              
  IBC                                                                                                                   
[1;38;5;255m  Crisis            [m                                                                                                    
                                                                                                                        
[38;5;245m  12/12[m                                                                                                                 
                                                                                                                        
                                                                                                                        
                                                                                                                        
                                                                                                                        
                                                                                                                        
                                                                                                                        
                                                                                                                        
                                                                                                                        
                                                                                                                        
                                                                                                                        
                                                                                                                        