[1;38;5;168mValidator Grid (10 validators)[m
                              
[38;5;238m──────────────────────────────[m
                              
[38;5;78m+[m[38;5;78m+[m[38;5;78m+[m[38;5;78m+[m[38;5;78m+[m[38;5;78m+[m[38;5;78m+[m[38;5;78m+[m[38;5;78m+[m[38;5;78m+[m

[38;5;245m[38;5;78m+[m voted  [38;5;245m-[m not voted[m