[1;38;2;255;65;54mError: connection refused[m                                                                                               

[1;38;2;244;244;245mBlock Progress[m                                                                                                          
  [38;2;34;197;94m▌▌▌▌▌▌▌▌▌▌▌▌▌▌▌▌▌▌▌▌▌▌▌▌▌▌▌▌▌▌▌▌▌▌▌▌▌▌▌▌▌▌▌▌▌▌▌▌▌▌▌▌▌▌▌▌▌▌▌▌▌▌▌▌▌▌▌▌▌▌▌▌▌▌▌▌▌[m[38;2;96;96;96m░░░░░░░░░░░░░░░░░[m  PV[1;38;2;34;197;94m 81.8%[m
  [38;2;101;179;255m▌▌▌▌▌▌▌▌▌▌▌▌▌▌▌▌▌▌▌▌▌▌▌▌▌▌▌▌▌▌▌▌▌▌▌▌▌▌▌▌▌▌▌▌▌▌▌▌▌▌▌▌▌▌▌▌▌▌▌▌▌▌▌▌▌▌▌▌▌▌▌▌▌▌▌▌▌[m[38;2;96;96;96m░░░░░░░░░░░░░░░░░[m  PC[1;38;2;34;197;94m 81.8%[m

[38;2;113;113;122mHeight        [m[38;2;113;113;122mPV      [m[38;2;113;113;122mPC      [m[38;2;113;113;122mElapsed  [m[38;2;113;113;122mR/S   [m
[1;38;2;228;228;231m* 18,234,567  81.8%   81.8%   3.5s     0/1   [m
  18,234,566  95.0%   92.0%   5.0s     0/1   
  18,234,565  95.0%   92.0%   6.0s     0/1   
  18,234,564  95.0%   92.0%   7.0s     0/1   
  18,234,563  95.0%   92.0%   8.0s     0/1   
  18,234,562  95.0%   92.0%   9.0s     0/1   
                                             
                                             
                                             
                                             
                                             
                                             
                                             
                                             
                                             
                                             
                                             
                                             
                                             
