[1;4;4mP[m[1;4;4mr[m[1;4;4mo[m[1;4;4mv[m[1;4;4mi[m[1;4;4md[m[1;4;4me[m[1;4;4mr[m
  [38;5;245mOwner:[m               akash1provider001
  [38;5;245mHost URI:[m            https://provider1.example.com:8443
  [38;5;245mEmail:[m               admin@provider1.example.com
  [38;5;245mWebsite:[m             https://provider1.example.com
