[1;38;5;168mVote Progress[m
             
[38;5;238m─────────────[m
             
[38;5;245mPrevotes:[m    [38;5;168m▌▌▌▌▌▌▌▌▌▌▌▌▌▌▌▌▌▌▌▌▌▌▌▌▌▌▌▌▌▌▌▌▌▌▌▌▌▌[m[38;2;96;96;96m░░[m [1;38;5;78m 95.0%[m [38;5;245m(45.0K / 55.0K)[m
[38;5;245mPrecommits:[m  [38;5;168m▌▌▌▌▌▌▌▌▌▌▌▌▌▌▌▌▌▌▌▌▌▌▌▌▌▌▌▌▌▌▌▌▌▌▌▌▌[m[38;2;96;96;96m░░░[m [1;38;5;78m 92.0%[m [38;5;245m(45.0K / 55.0K)[m