[1;38;5;1mVote Progress[m
             
[38;5;8m─────────────[m
             
[38;5;8mPrevotes:[m    [38;5;1m▌▌▌▌▌▌▌▌▌▌▌▌▌▌▌▌▌▌▌▌[m[38;2;96;96;96m░░░░░░░░░░░░░░░░░░░░[m [38;5;3m 50.0%[m [38;5;8m(45.0K / 55.0K)[m
[38;5;8mPrecommits:[m  [38;5;1m▌▌▌▌▌▌▌▌▌▌▌▌[m[38;2;96;96;96m░░░░░░░░░░░░░░░░░░░░░░░░░░░░[m [38;5;3m 30.0%[m [38;5;8m(45.0K / 55.0K)[m