[1;38;5;168mBlock 18,234,567 — Validator Votes[m                                                                                      
                                                                                                                        
[38;5;238m────────────────────────────────────────────────────────────────────────────────────────────────────────────────────────[m
                                                                                                                        
  [38;5;245mPV:[m          [1;38;5;78m   81.8%[m  [38;5;245mPC:[m          [1;38;5;78m   81.8%[m  [38;5;245mElapsed:[m     [1;38;5;255m3.5s[m  [38;5;245mR/S:[m         [1;38;5;255m0/1[m

      [38;5;245mValidator                                                                       [m  [38;5;245m             Power[m  [38;5;245m  PV[m  [38;5;245m  PC[m
      [38;5;252mCosmostation                                                                    [m  [38;5;245m       10.0K 18.2%[m   [38;5;78m+[m     [38;5;78m+[m  
      [38;5;252mForbole                                                                         [m  [38;5;245m        9.0K 16.4%[m   [38;5;78m+[m     [38;5;78m+[m  
      [38;5;252mFigment                                                                         [m  [38;5;245m        8.0K 14.5%[m   [38;5;78m+[m     [38;5;78m+[m  
      [38;5;252mChorus One                                                                      [m  [38;5;245m        7.0K 12.7%[m   [38;5;78m+[m     [38;5;78m+[m  
      [38;5;252mPolychain                                                                       [m  [38;5;245m        6.0K 10.9%[m   [38;5;78m+[m     [38;5;78m+[m  
      [38;5;252mBinance                                                                         [m  [38;5;245m         5.0K 9.1%[m   [38;5;78m+[m     [38;5;78m+[m  
      [38;5;252mKraken                                                                          [m  [38;5;245m         4.0K 7.3%[m   [38;5;203m-[m     [38;5;203m-[m  
      [38;5;252mCoinbase                                                                        [m  [38;5;245m         3.0K 5.5%[m   [38;5;203m-[m     [38;5;203m-[m  
      [38;5;252mP2P                                                                             [m  [38;5;245m         2.0K 3.6%[m   [38;5;203m-[m     [38;5;203m-[m  
      [38;5;252mStaked                                                                          [m  [38;5;245m         1.0K 1.8%[m   [38;5;203m-[m     [38;5;203m-[m  
[38;5;245m  esc/h/←: back[m
