[1;4;4mO[m[1;4;4mr[m[1;4;4md[m[1;4;4me[m[1;4;4mr[m
  [38;5;245mOwner:[m               akash1qwerty
  [38;5;245mDSeq:[m                [1m200[m
  [38;5;245mGSeq:[m                1
  [38;5;245mOSeq:[m                1
  [38;5;245mState:[m               [38;5;78mactive[m
  [38;5;245mCreated At:[m          17,000,000

[1;4;4mS[m[1;4;4mp[m[1;4;4me[m[1;4;4mc[m
  [38;5;245mName:[m                my-web-app
