      [38;5;245mValidator                                                                       [m  [38;5;245m             Power[m  [38;5;245m  PV[m  [38;5;245m  PC[m
      [38;5;252mCosmostation                                                                    [m  [38;5;245m        20.0K 9.5%[m   [38;5;78m+[m     [38;5;78m+[m  
      [38;5;252mForbole                                                                         [m  [38;5;245m        19.0K 9.0%[m   [38;5;78m+[m     [38;5;78m+[m  
      [38;5;252mFigment                                                                         [m  [38;5;245m        18.0K 8.6%[m   [38;5;78m+[m     [38;5;78m+[m  
      [38;5;252mChorus One                                                                      [m  [38;5;245m        17.0K 8.1%[m   [38;5;78m+[m     [38;5;78m+[m  
      [38;5;252mPolychain                                                                       [m  [38;5;245m        16.0K 7.6%[m   [38;5;78m+[m     [38;5;78m+[m  
      [38;5;252mBinance                                                                         [m  [38;5;245m        15.0K 7.1%[m   [38;5;78m+[m     [38;5;78m+[m  
      [38;5;252mKraken                                                                          [m  [38;5;245m        14.0K 6.7%[m   [38;5;78m+[m     [38;5;78m+[m  
      [38;5;252mCoinbase                                                                        [m  [38;5;245m        13.0K 6.2%[m   [38;5;78m+[m     [38;5;78m+[m  
      [38;5;252mP2P                                                                             [m  [38;5;245m        12.0K 5.7%[m   [38;5;78m+[m     [38;5;78m+[m  
      [38;5;252mStaked                                                                          [m  [38;5;245m        11.0K 5.2%[m   [38;5;78m+[m     [38;5;78m+[m  
      [38;5;252mEverstake                                                                       [m  [38;5;245m        10.0K 4.8%[m   [38;5;78m+[m     [38;5;78m+[m  
      [38;5;252mAllnodes                                                                        [m  [38;5;245m         9.0K 4.3%[m   [38;5;78m+[m     [38;5;78m+[m  
      [38;5;252mSG-1                                                                            [m  [38;5;245m         8.0K 3.8%[m   [38;5;78m+[m     [38;5;78m+[m  
      [38;5;252mImperator                                                                       [m  [38;5;245m         7.0K 3.3%[m   [38;5;203m-[m     [38;5;203m-[m  
      [38;5;252mLavender.Five                                                                   [m  [38;5;245m         6.0K 2.9%[m   [38;5;203m-[m     [38;5;203m-[m  
      [38;5;252mPolkachu                                                                        [m  [38;5;245m         5.0K 2.4%[m   [38;5;203m-[m     [38;5;203m-[m  
      [38;5;252mAutoStake                                                                       [m  [38;5;245m         4.0K 1.9%[m   [38;5;203m-[m     [38;5;203m-[m  
      [38;5;252mWhisperNode                                                                     [m  [38;5;245m         3.0K 1.4%[m   [38;5;203m-[m     [38;5;203m-[m  
      [38;5;252mChainLayer                                                                      [m  [38;5;245m         2.0K 1.0%[m   [38;5;203m-[m     [38;5;203m-[m  
      [38;5;252mStakeCito                                                                       [m  [38;5;245m         1.0K 0.5%[m   [38;5;203m-[m     [38;5;203m-[m  
