[1;38;2;244;244;245mValidators (10) — Block Signing History[m                                                                                 
[38;2;113;113;122m#    [m[38;2;113;113;122mValidator                   [m[38;2;113;113;122mPower             [m[38;2;113;113;122mBlocks (newest ←)                       [m

