[1;38;5;168mValidators (10) — Block Signing History[m                                                                                 
                                                                                                                        
[38;5;238m────────────────────────────────────────────────────────────────────────────────────────────────────────────────────────[m
                                                                                                                        
[38;5;245m#    [m[38;5;245mValidator                   [m[38;5;245mPower             [m[38;5;245mBlocks (newest ←)                       [m

