[1;38;5;168mBlock Progress[m                                                                                                          
                                                                                                                        
[38;5;238m────────────────────────────────────────────────────────────────────────────────────────────────────────────────────────[m
                                                                                                                        

[38;5;245m  Waiting for block data...[m
