[1;4;4mC[m[1;4;4mo[m[1;4;4mn[m[1;4;4mt[m[1;4;4me[m[1;4;4mx[m[1;4;4mt[m
  [38;5;245mName:[m                [1mproduction[m
  [38;5;245mNetwork:[m             mainnet
  [38;5;245m  Network:[m
      [38;5;245mChain ID:[m        akashnet-2
      [38;5;245mRPC:[m             https://rpc.akash.network:443 (+1 backup)
      [38;5;245mAPI:[m             https://api.akash.network:443
      [38;5;245mgRPC:[m            grpc.akash.network:9090
      [38;5;245mGas Prices:[m      0.025uakt
      [38;5;245mGas Adj:[m         1.5

  [38;5;245mKeyring:[m             default (backend: os)
  [38;5;245mDefault Account:[m     deployer
  [38;5;245mGas:[m                 auto
  [38;5;245mFees:[m                5000uakt
  [38;5;245mProvider Auth:[m       certificate
  [38;5;245mStore:[m               /home/user/.akt/contexts/production/store
  [38;5;245mAction Log:[m          /home/user/.akt/contexts/production/actions.log
