[1;4;4mC[m[1;4;4mo[m[1;4;4mn[m[1;4;4mt[m[1;4;4me[m[1;4;4mx[m[1;4;4mt[m
  [38;2;113;113;122mName:[m                   [1mproduction[m
  [38;2;113;113;122m  Network:[m
      [38;2;113;113;122mChain ID:[m           akashnet-2
      [38;2;113;113;122mRPC:[m                https://rpc.akash.network:443 (+1 backup)
      [38;2;113;113;122mAPI:[m                https://api.akash.network:443
      [38;2;113;113;122mgRPC:[m               grpc.akash.network:9090
      [38;2;113;113;122mGas Prices:[m         0.025uakt
      [38;2;113;113;122mGas Adj:[m            1.5

  [38;2;113;113;122mDeploy Via:[m             chain
  [38;2;113;113;122mKeyring:[m                default (backend: os)
      [38;2;113;113;122mEffective:[m          keychain
  [38;2;113;113;122mDefault Account:[m        deployer
  [38;2;113;113;122mTracked Accounts:[m       deployer, akash1zn43lm
  [38;2;113;113;122mGas:[m                    auto
  [38;2;113;113;122mFees:[m                   5000uakt
  [38;2;113;113;122mProvider Auth:[m          certificate
  [38;2;113;113;122mStore:[m                  /home/user/.akt/contexts/production/store
  [38;2;113;113;122mAction Log:[m             /home/user/.akt/contexts/production/actions.log

  [38;2;113;113;122m  Capabilities:[m
      [38;2;113;113;122mChain queries:[m      available
      [38;2;113;113;122mChain transactions:[m available
      [38;2;113;113;122mProvider gateway:[m   available
      [38;2;113;113;122mConsole API:[m        [38;2;161;161;170munavailable — run akt console login[m
