[1;4;4mC[m[1;4;4mo[m[1;4;4mn[m[1;4;4mt[m[1;4;4me[m[1;4;4mx[m[1;4;4mt[m
  [38;2;113;113;122mName:[m                [1mlocal[m
  [38;2;113;113;122mNetwork:[m             local
  [38;2;113;113;122m  Network:[m
      [38;2;113;113;122mChain ID:[m        local-1
      [38;2;113;113;122mRPC:[m             http://localhost:26657
      [38;2;113;113;122mGas Prices:[m      
      [38;2;113;113;122mGas Adj:[m         

  [38;2;113;113;122mAuth Method:[m         keyring
  [38;2;113;113;122mKeyring:[m             test (backend: test)
  [38;2;113;113;122mDefault Account:[m     [38;2;161;161;170m(not set)[m
  [38;2;113;113;122mGas:[m                 200000
  [38;2;113;113;122mFees:[m                [38;2;161;161;170m(none)[m
  [38;2;113;113;122mProvider Auth:[m       
  [38;2;113;113;122mStore:[m               /tmp/akt-test/contexts/local/store
  [38;2;113;113;122mAction Log:[m          /tmp/akt-test/contexts/local/actions.log

  [38;2;113;113;122m  Capabilities:[m
      [38;2;113;113;122mChain queries:[m   available
      [38;2;113;113;122mChain transactions:[m available
      [38;2;113;113;122mProvider gateway:[m available
      [38;2;113;113;122mConsole API:[m     [38;2;161;161;170munavailable — run akt console login[m
