[1;38;5;1mBlock Progress[m                                                                                                          
                                                                                                                        
[38;5;8m────────────────────────────────────────────────────────────────────────────────────────────────────────────────────────[m
                                                                                                                        
  [38;5;2m▌▌▌▌▌▌▌▌▌▌▌▌▌▌▌▌▌▌▌▌▌▌▌▌▌▌▌▌▌▌▌▌▌▌▌▌▌▌▌▌▌▌▌▌▌▌▌▌▌▌▌▌▌▌▌▌▌▌▌▌▌▌▌▌▌▌▌▌▌▌▌▌▌▌▌▌▌[m[38;2;96;96;96m░░░░░░░░░░░░░░░░░[m  PV[1;38;5;2m 81.8%[m
  [38;5;6m▌▌▌▌▌▌▌▌▌▌▌▌▌▌▌▌▌▌▌▌▌▌▌▌▌▌▌▌▌▌▌▌▌▌▌▌▌▌▌▌▌▌▌▌▌▌▌▌▌▌▌▌▌▌▌▌▌▌▌▌▌▌▌▌▌▌▌▌▌▌▌▌▌▌▌▌▌[m[38;2;96;96;96m░░░░░░░░░░░░░░░░░[m  PC[1;38;5;2m 81.8%[m

[38;5;8mHeight        [m[38;5;8mPV      [m[38;5;8mPC      [m[38;5;8mElapsed  [m[38;5;8mR/S   [m

