[1;38;5;168mValidator: Cosmostation[m                                                                                                 
                                                                                                                        
[38;5;238m────────────────────────────────────────────────────────────────────────────────────────────────────────────────────────[m
                                                                                                                        
[38;5;245m────────────────────────────────────────────────────────────[m
  [38;5;245mValidator:[m   [1;38;5;255mCosmostation[m
  [38;5;245mAddress:[m     [38;5;245mABCDEF0000[m
  [38;5;245mPubKey:[m      [38;5;245mpubkey0000[m
  [38;5;245mPower:[m       [1;38;5;255m10.0K[m[38;5;245m (18.18%)[m
  [38;5;245mCurrent:[m     prevote [38;5;78m+[m  precommit [38;5;78m+[m
  [38;5;245mHistory:[m     [38;5;78m16[m signed, [1;38;5;203m4[m missed out of 20 blocks (80.0%)
  [38;5;245mRole:[m        [1;38;5;220mCurrent Proposer *[m
[38;5;245m  Esc: collapse[m
[38;5;245m  esc/h/←: back[m
