[1;38;5;240mACCOUNT SCOPE[m    [1;38;5;240mACCOUNT XID[m       [1;38;5;240mPAYMENT XID[m        [1;38;5;240mOWNER[m      [1;38;5;240mSTATE[m   [1;38;5;240mRATE[m    [1;38;5;240mBALANCE[m  [1;38;5;240mWITHDRAWN[m
deployment     akash1abc123/100  [1m1/1/akash1prov01[m  akash1prov01  [38;5;78mopen[m   10 uAKT  2 AKT    500 mAKT 
