[38;5;8m────────────────────────────────────────────────────────────[m
  [38;5;8mValidator:[m   [1;38;5;15mStaked[m
  [38;5;8mAddress:[m     [38;5;8mABCDEF0009[m
  [38;5;8mPubKey:[m      [38;5;8mpubkey0009[m
  [38;5;8mPower:[m       [1;38;5;15m1.0K[m[38;5;8m (1.82%)[m
  [38;5;8mCurrent:[m     prevote [38;5;9m-[m  precommit [38;5;9m-[m
  [38;5;8mHistory:[m     [38;5;2m16[m signed, [1;38;5;9m4[m missed out of 20 blocks (80.0%)
[38;5;8m  Esc: collapse[m