[38;5;245m────────────────────────────────────────────────────────────[m
  [38;5;245mValidator:[m   [1;38;5;255mStaked[m
  [38;5;245mAddress:[m     [38;5;245mABCDEF0009[m
  [38;5;245mPubKey:[m      [38;5;245mpubkey0009[m
  [38;5;245mPower:[m       [1;38;5;255m1.0K[m[38;5;245m (1.82%)[m
  [38;5;245mCurrent:[m     prevote [38;5;203m-[m  precommit [38;5;203m-[m
  [38;5;245mHistory:[m     [38;5;78m16[m signed, [1;38;5;203m4[m missed out of 20 blocks (80.0%)
[38;5;245m  Esc: collapse[m