                                                                                                                        
[38;5;8mq: quit | r: refresh params | Tab/1-3: switch tabs[m                                                                      
                                                                                                                        
[38;5;8mRPC: https://rpc.akashnet.net:443 [WS][m                                                                                  