                                                                                                                        
[38;2;113;113;122mq: quit | Tab/Shift-Tab: dashboard[m                                                                                      
                                                                                                                        
[38;2;113;113;122mRPC: https://rpc.akashnet.net:443 [WS][m                                                                                  