                                                                                                                        
[38;5;245mq: quit | r: refresh | Tab/1-3: switch tabs | j/k: scroll[m                                                               
                                                                                                                        
[38;5;245mRPC: https://rpc.akashnet.net:443 [WS][m                                                                                  