[1;4;4mN[m[1;4;4me[m[1;4;4mt[m[1;4;4mw[m[1;4;4mo[m[1;4;4mr[m[1;4;4mk[m
  [38;5;245mName:[m                [1mlocal[m
  [38;5;245mChain ID:[m            local-1
  [38;5;245mGas Prices:[m          0uakt
  [38;5;245mGas Adjustment:[m      1.0

  [38;5;245mRPC Endpoints:[m
      [38;5;245m-:[m               http://localhost:26657
