[1;4;4mL[m[1;4;4me[m[1;4;4ma[m[1;4;4ms[m[1;4;4me[m
  [38;5;245mOwner:[m               akash1qwerty
  [38;5;245mDSeq:[m                [1m100[m
  [38;5;245mGSeq:[m                1
  [38;5;245mOSeq:[m                1
  [38;5;245mProvider:[m            akash1provider1
  [38;5;245mPrice/Block:[m         [1m12.5 uAKT[m
  [38;5;245mState:[m               [38;5;78mactive[m
  [38;5;245mCreated At:[m          18,234,567
