[38;5;245m  Loading oracle data...[m                                    [38;5;245m  Loading BME status...[m                                     
                                                                                                                        
                                                                                                                        