[38;5;252mGovernance[m                                                                      
[38;5;240menter: detail  j/k: navigate[m                                                    
[48;5;236m [m[38;5;252;48;5;236m:: command  esc: back  ctrl+c: quit[m[48;5;236m [m[48;5;236m                                           [m