[1;4;4mM[m[1;4;4mi[m[1;4;4mn[m[1;4;4mt[m[1;4;4mi[m[1;4;4mn[m[1;4;4mg[m[4m [m[1;4;4mP[m[1;4;4ma[m[1;4;4mr[m[1;4;4ma[m[1;4;4mm[m[1;4;4me[m[1;4;4mt[m[1;4;4me[m[1;4;4mr[m[1;4;4ms[m
  [38;5;245mDenom:[m            uakt
  [38;5;245mRate Change:[m      13%
  [38;5;245mMax Inflation:[m    20%
  [38;5;245mMin Inflation:[m    7%
  [38;5;245mGoal Bonded:[m      67%
  [38;5;245mBlocks Per Year:[m  6,311,520
