                                              [1;38;5;9makt monitor - Akash Network[m                                               
                                                                                                                        
[48;5;1m [m[1;38;5;15;48;5;1mNetwork[m[48;5;1m [m   [38;5;8mProvider[m    [38;5;8mOracle/BME[m                                                                                      
 [38;5;8m 1: Overview                           [m [48;5;1m [m[1;38;5;15;48;5;1m 2: Validators                         [m[48;5;1m [m [38;5;8m 3: Governance                         [m 

[1;38;5;1mValidators (10) — Block Signing History[m                                                                                 
                                                                                                                        
[38;5;8m────────────────────────────────────────────────────────────────────────────────────────────────────────────────────────[m
                                                                                                                        
[38;5;8m#    [m[38;5;8mValidator                   [m[38;5;8mPower             [m[38;5;8mBlocks (newest ←)                       [m


                                                                                                                        
[38;5;8mq: quit | r: refresh | Tab/1-3: switch tabs | j/k: scroll[m                                                               
                                                                                                                        
[38;5;8mRPC: https://rpc.akashnet.net:443 [WS][m                                                                                  