                                              [1;38;2;244;244;245makt monitor - Akash Network[m                                               
[48;2;255;65;54m [m[1;38;2;9;9;11;48;2;255;65;54mNetwork[m[48;2;255;65;54m [m   [38;2;161;161;170mProvider[m    [38;2;161;161;170mOracle/BME[m                                                                                      
 [38;2;161;161;170m 1: Overview                           [m [48;2;255;65;54m [m[1;38;2;9;9;11;48;2;255;65;54m 2: Validators                         [m[48;2;255;65;54m [m [38;2;161;161;170m 3: Governance                         [m 

[1;38;2;244;244;245mValidators (10) — Block Signing History[m                                                                                 
[38;2;113;113;122m#    [m[38;2;113;113;122mValidator                   [m[38;2;113;113;122mPower             [m[38;2;113;113;122mBlocks (newest ←)                       [m


                                                                                                                        
[38;2;113;113;122mq: quit | Tab/Shift-Tab: dashboard | 1-3: network view | j/k: scroll | Enter: details[m                                   
                                                                                                                        
[38;2;113;113;122mRPC: https://rpc.akashnet.net:443 [WS][m                                                                                  