                                              [1;38;5;205makt monitor - Akash Network[m                                               
                                                                                                                        
[48;5;168m [m[1;38;5;255;48;5;168mNetwork[m[48;5;168m [m   [38;5;245mProvider[m    [38;5;245mOracle/BME[m                                                                                      
 [38;5;245m 1: Overview                           [m  [38;5;245m 2: Validators                         [m [48;5;168m [m[1;38;5;255;48;5;168m 3: Governance                         [m[48;5;168m [m

[1;38;5;203mLoading governance parameters...[m
                                                                                                                        
[38;5;245mq: quit | r: refresh params | Tab/1-3: switch tabs[m                                                                      
                                                                                                                        
[38;5;245mRPC: https://rpc.akashnet.net:443 [WS][m                                                                                  