                                              [1;38;2;244;244;245makt monitor - Akash Network[m                                               
 [38;2;161;161;170mNetwork[m   [48;2;255;65;54m [m[1;38;2;9;9;11;48;2;255;65;54mProvider[m[48;2;255;65;54m [m   [38;2;161;161;170mOracle/BME[m                                                                                      

[1;38;2;244;244;245mProvider Version Distribution[m
[1;38;2;234;179;8m> [m0.6.4        [38;2;34;197;94m**[m   2 ( 40.0%)
  0.6.3        [38;2;113;113;122moo[m   2 ( 40.0%)
  0.6.2        [38;2;113;113;122mo[m   1 ( 20.0%)

[38;2;113;113;122m← / → or h/l: select version[m

[1;38;2;244;244;245mProviders (5 total, 2 on 0.6.4)[m
[38;2;113;113;122m#   [m[38;2;113;113;122mProvider                            [m[38;2;113;113;122mVersion       [m[38;2;113;113;122mCPU         [m[38;2;113;113;122mMemory      [m[38;2;113;113;122mGPU               [m[38;2;113;113;122mLoc [m

                                                                                                                        
[38;2;113;113;122mq: quit | Tab/Shift-Tab: dashboard | r: refresh | h/l: version | j/k: select | Enter: details[m                           
                                                                                                                        
[38;2;113;113;122mRPC: https://rpc.akashnet.net:443 [WS][m                                                                                  