[38;5;1m▌▌▌▌▌▌▌▌▌▌▌▌▌▌▌▌▌▌▌▌[m[38;2;96;96;96m░░░░░░░░░░░░░░░░░░░░[m [38;5;8mScanning providers... 50/100 checked, 5 online[m

[1;38;5;1mProvider Version Distribution[m
                             
[38;5;8m─────────────────────────────[m
                             
[1;38;5;3m> [m0.6.4        [38;5;2m**[m   2 ( 40.0%)
  0.6.3        [38;5;8moo[m   2 ( 40.0%)
  0.6.2        [38;5;8mo[m   1 ( 20.0%)

[38;5;8m← / → or h/l: select version[m

[1;38;5;1mProviders (5 total, 2 on 0.6.4)[m
                               
[38;5;8m───────────────────────────────[m
                               
[38;5;8m#   [m[38;5;8mProvider                            [m[38;5;8mVersion       [m[38;5;8mCPU         [m[38;5;8mMemory      [m[38;5;8mGPU               [m[38;5;8mLoc [m
