 [1;38;5;240mNAME[m     [1;38;5;240mCHAIN-ID[m                    [1;38;5;240mRPC[m                         [1;38;5;240mUSED BY[m      
mainnet  akashnet-2  https://rpc.akash.network:443 (+1)     production, staging
testnet  testnet-1   https://rpc.testnet.akash.network:443  (none)             
