[1;38;2;113;113;122mNAME[m     [1;38;2;113;113;122mCHAIN-ID[m    [1;38;2;113;113;122mRPC[m                                    [1;38;2;113;113;122mUSED BY[m            
mainnet  akashnet-2  https://rpc.akash.network:443 (+1)     production, staging
testnet  testnet-1   https://rpc.testnet.akash.network:443  (none)             
